❌ Test Failed: AssertionError: Title mismatch. Expected 'Fábrica de Conteúdo', got 'SYNAPSE'